[Licensing::Module] Trying to connect to existing licensing client channel...
[Licensing::IpcConnector] Channel LicenseClient-SYSTEM doesn't exist
[Licensing::Module] Successfully launched the LicensingClient (PId: 42224)
[Licensing::IpcConnector] Successfully connected to: "LicenseClient-SYSTEM" at "2026-09-19T13:35:36.9641052Z"
[Licensing::Client] Code 10 while verifying Licensing Client signature (process Id: 42224, path: "D:/Unity/Editor/2022.3.62f3c1/Editor/Data/Resources/Licensing/Client/Unity.Licensing.Client.exe")
[Licensing::Module] LicensingClient has failed validation; ignoring
[Licensing::Client] Handshaking with LicensingClient:
  Version:                 1.16.2+bdef8f5
  Session Id:              791a201376a14b9795910886f96d3195
  Correlation Id:          4c37615200847f4df44a0a4fa9f09b42
  External correlation Id: 7198593379918022303
  Machine Id:              SkhLvcRj+6K2V1Dbx7P4MDUpE0o=
[Licensing::Module] Successfully connected to LicensingClient on channel: "LicenseClient-SYSTEM" (connect: 0.85s, validation: 0.07s, handshake: 0.06s)
[Licensing::IpcConnector] Successfully connected to: "LicenseClient-SYSTEM-notifications" at "2026-09-19T13:35:37.0962445Z"
[Licensing::Module] Connected to LicensingClient (PId: 42224, launch time: 0.04, total connection time: 0.99s)
[Licensing::Module] Error: Access token is unavailable; failed to update
[Licensing::Client] Error: Code 500 while processing request (status: Unable to update licenses. Errors: No ULF license found.,Token not found in cache)
[Licensing::Client] Error: Code 500 while updating license in client (status: Unable to update licenses. Errors: No ULF license found.,Token not found in cache)
Built from '2022.3/china_unity/release' branch; Version is '2022.3.62f3c1 (1623fc0bbb97) revision 1451004'; Using compiler version '192829333'; Build Type 'Release'
OS: 'Windows 11  (10.0.26200) 64bit CoreCountrySpecific' Language: 'zh' Physical Memory: 28476 MB
[Licensing::Client] Successfully resolved entitlement details
[Licensing::Module] Serial number assigned to: "ewogICJzdWJzR3JvdXAiIDogInVuaXR5IGVkaXRvciIsCiAgIm5hbWVzcGFjZSIgOiAidW5pdHlfZWRpdG9yIiwKICAidHlwZSIgOiAiRURJVE9SIiwKICAidGFnIiA6ICJVbml0eVBlcnNvbmFsXXXX"
BatchMode: 1, IsHumanControllingUs: 0, StartBugReporterOnCrash: 0, Is64bit: 1, IsPro: 0
[Licensing::Client] Successfully resolved entitlement details

COMMAND LINE ARGUMENTS:
D:\Unity\Editor\2022.3.62f3c1\Editor\Unity.exe
-batchmode
-projectPath
D:\Unity\Projects\QueenMaryNaval\QueenMaryNaval
-runTests
-testPlatform
EditMode
-testResults
C:\Users\鏉ㄧ澘\Desktop\HMS_Queen_Mary_寤烘ā鎴愭灉_2026-09-17\.worktrees\combat-a\queen_mary_v3\runtime_acceptance\combat_a\20260919T133533Z\editmode.xml
-logFile
C:\Users\鏉ㄧ澘\Desktop\HMS_Queen_Mary_寤烘ā鎴愭灉_2026-09-17\.worktrees\combat-a\queen_mary_v3\runtime_acceptance\combat_a\20260919T133533Z\editmode.log
Successfully changed project path to: D:\Unity\Projects\QueenMaryNaval\QueenMaryNaval
D:/Unity/Projects/QueenMaryNaval/QueenMaryNaval
[UnityMemory] Configuration Parameters - Can be set up in boot.config
    "memorysetup-bucket-allocator-granularity=16"
    "memorysetup-bucket-allocator-bucket-count=8"
    "memorysetup-bucket-allocator-block-size=33554432"
    "memorysetup-bucket-allocator-block-count=8"
    "memorysetup-main-allocator-block-size=16777216"
    "memorysetup-thread-allocator-block-size=16777216"
    "memorysetup-gfx-main-allocator-block-size=16777216"
    "memorysetup-gfx-thread-allocator-block-size=16777216"
    "memorysetup-cache-allocator-block-size=4194304"
    "memorysetup-typetree-allocator-block-size=2097152"
    "memorysetup-profiler-bucket-allocator-granularity=16"
    "memorysetup-profiler-bucket-allocator-bucket-count=8"
    "memorysetup-profiler-bucket-allocator-block-size=33554432"
    "memorysetup-profiler-bucket-allocator-block-count=8"
    "memorysetup-profiler-allocator-block-size=16777216"
    "memorysetup-profiler-editor-allocator-block-size=1048576"
    "memorysetup-temp-allocator-size-main=16777216"
    "memorysetup-job-temp-allocator-block-size=2097152"
    "memorysetup-job-temp-allocator-block-size-background=1048576"
    "memorysetup-job-temp-allocator-reduction-small-platforms=262144"
    "memorysetup-allocator-temp-initial-block-size-main=262144"
    "memorysetup-allocator-temp-initial-block-size-worker=262144"
    "memorysetup-temp-allocator-size-background-worker=32768"
    "memorysetup-temp-allocator-size-job-worker=262144"
    "memorysetup-temp-allocator-size-preload-manager=33554432"
    "memorysetup-temp-allocator-size-nav-mesh-worker=65536"
    "memorysetup-temp-allocator-size-audio-worker=65536"
    "memorysetup-temp-allocator-size-cloud-worker=32768"
    "memorysetup-temp-allocator-size-gi-baking-worker=262144"
    "memorysetup-temp-allocator-size-gfx=262144"
Player connection [43500]  Target information:

Player connection [43500]  * "[IP] 26.36.103.252 [Port] 55504 [Flags] 2 [Guid] 91785033 [EditorId] 91785033 [Version] 1048832 [Id] WindowsEditor(7,yr的爱机) [Debug] 1 [PackageName] WindowsEditor [ProjectName] Editor" 

Player connection [43500]  * "[IP] 10.69.255.82 [Port] 55504 [Flags] 2 [Guid] 91785033 [EditorId] 91785033 [Version] 1048832 [Id] WindowsEditor(7,yr的爱机) [Debug] 1 [PackageName] WindowsEditor [ProjectName] Editor" 

Player connection [43500] Host joined multi-casting on [225.0.0.222:54997]...
Player connection [43500] Host joined alternative multi-casting on [225.0.0.222:34997]...
Input System module state changed to: Initialized.
[PhysX] Initialized MultithreadedTaskDispatcher with 16 workers.
[Package Manager] UpmClient::Connect -- Connected to IPC stream "Upm-43188" after 0.5 seconds.
[Package Manager] Restoring resolved packages state from cache
[Licensing::Client] Successfully resolved entitlement details
[Package Manager] Registered 54 packages:
  Packages from [https://packages.unity.cn]:
    com.unity.collab-proxy@2.7.1 (location: D:\Unity\Projects\QueenMaryNaval\QueenMaryNaval\Library\PackageCache\com.unity.collab-proxy@2.7.1)
    com.unity.textmeshpro@3.0.7 (location: D:\Unity\Projects\QueenMaryNaval\QueenMaryNaval\Library\PackageCache\com.unity.textmeshpro@3.0.7)
    com.unity.timeline@1.7.7 (location: D:\Unity\Projects\QueenMaryNaval\QueenMaryNaval\Library\PackageCache\com.unity.timeline@1.7.7)
    com.unity.visualscripting@1.9.4 (location: D:\Unity\Projects\QueenMaryNaval\QueenMaryNaval\Library\PackageCache\com.unity.visualscripting@1.9.4)
    com.unity.mathematics@1.2.6 (location: D:\Unity\Projects\QueenMaryNaval\QueenMaryNaval\Library\PackageCache\com.unity.mathematics@1.2.6)
    com.unity.burst@1.8.21 (location: D:\Unity\Projects\QueenMaryNaval\QueenMaryNaval\Library\PackageCache\com.unity.burst@1.8.21)
    com.unity.ide.visualstudio@2.0.22 (location: D:\Unity\Projects\QueenMaryNaval\QueenMaryNaval\Library\PackageCache\com.unity.ide.visualstudio@2.0.22)
    com.unity.ide.rider@3.0.36 (location: D:\Unity\Projects\QueenMaryNaval\QueenMaryNaval\Library\PackageCache\com.unity.ide.rider@3.0.36)
    com.unity.ide.vscode@1.2.5 (location: D:\Unity\Projects\QueenMaryNaval\QueenMaryNaval\Library\PackageCache\com.unity.ide.vscode@1.2.5)
    com.unity.editorcoroutines@1.0.0 (location: D:\Unity\Projects\QueenMaryNaval\QueenMaryNaval\Library\PackageCache\com.unity.editorcoroutines@1.0.0)
    com.unity.performance.profile-analyzer@1.2.3 (location: D:\Unity\Projects\QueenMaryNaval\QueenMaryNaval\Library\PackageCache\com.unity.performance.profile-analyzer@1.2.3)
    com.unity.test-framework@1.1.33 (location: D:\Unity\Projects\QueenMaryNaval\QueenMaryNaval\Library\PackageCache\com.unity.test-framework@1.1.33)
    com.unity.testtools.codecoverage@1.2.6 (location: D:\Unity\Projects\QueenMaryNaval\QueenMaryNaval\Library\PackageCache\com.unity.testtools.codecoverage@1.2.6)
    com.unity.searcher@4.9.2 (location: D:\Unity\Projects\QueenMaryNaval\QueenMaryNaval\Library\PackageCache\com.unity.searcher@4.9.2)
    com.unity.settings-manager@2.1.0 (location: D:\Unity\Projects\QueenMaryNaval\QueenMaryNaval\Library\PackageCache\com.unity.settings-manager@2.1.0)
    com.unity.ext.nunit@1.0.6 (location: D:\Unity\Projects\QueenMaryNaval\QueenMaryNaval\Library\PackageCache\com.unity.ext.nunit@1.0.6)
  Built-in packages:
    com.unity.feature.development@1.0.1 (location: D:\Unity\Projects\QueenMaryNaval\QueenMaryNaval\Library\PackageCache\com.unity.feature.development@1.0.1)
    com.unity.render-pipelines.universal@14.0.12 (location: D:\Unity\Projects\QueenMaryNaval\QueenMaryNaval\Library\PackageCache\com.unity.render-pipelines.universal@14.0.12)
    com.unity.ugui@1.0.0 (location: D:\Unity\Projects\QueenMaryNaval\QueenMaryNaval\Library\PackageCache\com.unity.ugui@1.0.0)
    com.unity.modules.ai@1.0.0 (location: D:\Unity\Projects\QueenMaryNaval\QueenMaryNaval\Library\PackageCache\com.unity.modules.ai@1.0.0)
    com.unity.modules.androidjni@1.0.0 (location: D:\Unity\Projects\QueenMaryNaval\QueenMaryNaval\Library\PackageCache\com.unity.modules.androidjni@1.0.0)
    com.unity.modules.animation@1.0.0 (location: D:\Unity\Projects\QueenMaryNaval\QueenMaryNaval\Library\PackageCache\com.unity.modules.animation@1.0.0)
    com.unity.modules.assetbundle@1.0.0 (location: D:\Unity\Projects\QueenMaryNaval\QueenMaryNaval\Library\PackageCache\com.unity.modules.assetbundle@1.0.0)
    com.unity.modules.audio@1.0.0 (location: D:\Unity\Projects\QueenMaryNaval\QueenMaryNaval\Library\PackageCache\com.unity.modules.audio@1.0.0)
    com.unity.modules.cloth@1.0.0 (location: D:\Unity\Projects\QueenMaryNaval\QueenMaryNaval\Library\PackageCache\com.unity.modules.cloth@1.0.0)
    com.unity.modules.director@1.0.0 (location: D:\Unity\Projects\QueenMaryNaval\QueenMaryNaval\Library\PackageCache\com.unity.modules.director@1.0.0)
    com.unity.modules.imageconversion@1.0.0 (location: D:\Unity\Projects\QueenMaryNaval\QueenMaryNaval\Library\PackageCache\com.unity.modules.imageconversion@1.0.0)
    com.unity.modules.imgui@1.0.0 (location: D:\Unity\Projects\QueenMaryNaval\QueenMaryNaval\Library\PackageCache\com.unity.modules.imgui@1.0.0)
    com.unity.modules.jsonserialize@1.0.0 (location: D:\Unity\Projects\QueenMaryNaval\QueenMaryNaval\Library\PackageCache\com.unity.modules.jsonserialize@1.0.0)
    com.unity.modules.particlesystem@1.0.0 (location: D:\Unity\Projects\QueenMaryNaval\QueenMaryNaval\Library\PackageCache\com.unity.modules.particlesystem@1.0.0)
    com.unity.modules.physics@1.0.0 (location: D:\Unity\Projects\QueenMaryNaval\QueenMaryNaval\Library\PackageCache\com.unity.modules.physics@1.0.0)
    com.unity.modules.physics2d@1.0.0 (location: D:\Unity\Projects\QueenMaryNaval\QueenMaryNaval\Library\PackageCache\com.unity.modules.physics2d@1.0.0)
    com.unity.modules.screencapture@1.0.0 (location: D:\Unity\Projects\QueenMaryNaval\QueenMaryNaval\Library\PackageCache\com.unity.modules.screencapture@1.0.0)
    com.unity.modules.terrain@1.0.0 (location: D:\Unity\Projects\QueenMaryNaval\QueenMaryNaval\Library\PackageCache\com.unity.modules.terrain@1.0.0)
    com.unity.modules.terrainphysics@1.0.0 (location: D:\Unity\Projects\QueenMaryNaval\QueenMaryNaval\Library\PackageCache\com.unity.modules.terrainphysics@1.0.0)
    com.unity.modules.tilemap@1.0.0 (location: D:\Unity\Projects\QueenMaryNaval\QueenMaryNaval\Library\PackageCache\com.unity.modules.tilemap@1.0.0)
    com.unity.modules.ui@1.0.0 (location: D:\Unity\Projects\QueenMaryNaval\QueenMaryNaval\Library\PackageCache\com.unity.modules.ui@1.0.0)
    com.unity.modules.uielements@1.0.0 (location: D:\Unity\Projects\QueenMaryNaval\QueenMaryNaval\Library\PackageCache\com.unity.modules.uielements@1.0.0)
    com.unity.modules.umbra@1.0.0 (location: D:\Unity\Projects\QueenMaryNaval\QueenMaryNaval\Library\PackageCache\com.unity.modules.umbra@1.0.0)
    com.unity.modules.unityanalytics@1.0.0 (location: D:\Unity\Projects\QueenMaryNaval\QueenMaryNaval\Library\PackageCache\com.unity.modules.unityanalytics@1.0.0)
    com.unity.modules.unitywebrequest@1.0.0 (location: D:\Unity\Projects\QueenMaryNaval\QueenMaryNaval\Library\PackageCache\com.unity.modules.unitywebrequest@1.0.0)
    com.unity.modules.unitywebrequestassetbundle@1.0.0 (location: D:\Unity\Projects\QueenMaryNaval\QueenMaryNaval\Library\PackageCache\com.unity.modules.unitywebrequestassetbundle@1.0.0)
    com.unity.modules.unitywebrequestaudio@1.0.0 (location: D:\Unity\Projects\QueenMaryNaval\QueenMaryNaval\Library\PackageCache\com.unity.modules.unitywebrequestaudio@1.0.0)
    com.unity.modules.unitywebrequesttexture@1.0.0 (location: D:\Unity\Projects\QueenMaryNaval\QueenMaryNaval\Library\PackageCache\com.unity.modules.unitywebrequesttexture@1.0.0)
    com.unity.modules.unitywebrequestwww@1.0.0 (location: D:\Unity\Projects\QueenMaryNaval\QueenMaryNaval\Library\PackageCache\com.unity.modules.unitywebrequestwww@1.0.0)
    com.unity.modules.vehicles@1.0.0 (location: D:\Unity\Projects\QueenMaryNaval\QueenMaryNaval\Library\PackageCache\com.unity.modules.vehicles@1.0.0)
    com.unity.modules.video@1.0.0 (location: D:\Unity\Projects\QueenMaryNaval\QueenMaryNaval\Library\PackageCache\com.unity.modules.video@1.0.0)
    com.unity.modules.vr@1.0.0 (location: D:\Unity\Projects\QueenMaryNaval\QueenMaryNaval\Library\PackageCache\com.unity.modules.vr@1.0.0)
    com.unity.modules.wind@1.0.0 (location: D:\Unity\Projects\QueenMaryNaval\QueenMaryNaval\Library\PackageCache\com.unity.modules.wind@1.0.0)
    com.unity.modules.xr@1.0.0 (location: D:\Unity\Projects\QueenMaryNaval\QueenMaryNaval\Library\PackageCache\com.unity.modules.xr@1.0.0)
    com.unity.modules.subsystems@1.0.0 (location: D:\Unity\Projects\QueenMaryNaval\QueenMaryNaval\Library\PackageCache\com.unity.modules.subsystems@1.0.0)
    com.unity.render-pipelines.core@14.0.12 (location: D:\Unity\Projects\QueenMaryNaval\QueenMaryNaval\Library\PackageCache\com.unity.render-pipelines.core@14.0.12)
    com.unity.shadergraph@14.0.12 (location: D:\Unity\Projects\QueenMaryNaval\QueenMaryNaval\Library\PackageCache\com.unity.shadergraph@14.0.12)
    com.unity.render-pipelines.universal-config@14.0.10 (location: D:\Unity\Projects\QueenMaryNaval\QueenMaryNaval\Library\PackageCache\com.unity.render-pipelines.universal-config@14.0.10)
[Subsystems] No new subsystems found in resolved package list.
Package Manager log level set to [2]
[Package Manager] Done registering packages in 0.42 seconds
[Package Manager] Done resolving packages with errors in 0.03 seconds
Failed to resolve packages: The "path" argument must be of type string. Received undefined. No packages loaded.
Exiting without the bug reporter. Application will terminate with return code 1